2026-09-17 14:55:33,401 [INFO] src.main_pipeline.mzml_processor: Sample: Int 1 Identified
2026-09-17 14:55:34,411 [INFO] src.main_pipeline.mzml_processor: Sample: Int 1 Finsihed mzML parse
2026-09-17 14:55:35,155 [INFO] src.main_pipeline.intensity_matrix: Max signal: 8.39e+06
2026-09-17 14:55:35,157 [INFO] src.main_pipeline.intensity_matrix: Min signal: 0.000000e+00
2026-09-17 15:00:35,738 [INFO] src.main_pipeline.mzml_processor: Sample: Int 1 IntensityMatrix Created
2026-09-17 15:00:35,740 [INFO] src.main_pipeline.mzml_processor: 
Total Scans: 8196
Avg Time per Scan: 0.005722041239629088
Stdev: 7.790390331171385e-06
Pct Err: 0.14
2026-09-17 15:01:13,247 [INFO] src.main_pipeline.mzml_processor: Sample: Int 1 Identified
2026-09-17 15:01:14,225 [INFO] src.main_pipeline.mzml_processor: Sample: Int 1 Finsihed mzML parse
2026-09-17 15:01:14,935 [INFO] src.main_pipeline.intensity_matrix: Max signal: 8.39e+06
2026-09-17 15:01:14,937 [INFO] src.main_pipeline.intensity_matrix: Min signal: 0.000000e+00
2026-09-17 15:06:18,825 [INFO] src.main_pipeline.mzml_processor: Sample: Int 1 IntensityMatrix Created
2026-09-17 15:06:18,828 [INFO] src.main_pipeline.mzml_processor: 
Total Scans: 8196
Avg Time per Scan: 0.005722041239629088
Stdev: 7.790390331171385e-06
Pct Err: 0.14
2026-09-17 15:08:48,990 [INFO] src.main_pipeline.mzml_processor: Sample: Int 1 Identified
2026-09-17 15:08:50,045 [INFO] src.main_pipeline.mzml_processor: Sample: Int 1 Finsihed mzML parse
2026-09-17 15:08:50,773 [INFO] src.main_pipeline.intensity_matrix: Max signal: 8.39e+06
2026-09-17 15:08:50,774 [INFO] src.main_pipeline.intensity_matrix: Min signal: 0.000000e+00
2026-09-17 15:13:53,004 [INFO] src.main_pipeline.mzml_processor: Sample: Int 1 IntensityMatrix Created
2026-09-17 15:13:53,007 [INFO] src.main_pipeline.mzml_processor: 
Total Scans: 8196
Avg Time per Scan: 0.005722041239629088
Stdev: 7.790390331171385e-06
Pct Err: 0.14
2026-09-17 15:18:35,311 [INFO] src.main_pipeline.mzml_processor: Sample: Int 1 Identified
2026-09-17 15:18:36,301 [INFO] src.main_pipeline.mzml_processor: Sample: Int 1 Finsihed mzML parse
2026-09-17 15:18:37,025 [INFO] src.main_pipeline.intensity_matrix: Max signal: 8.39e+06
2026-09-17 15:18:37,028 [INFO] src.main_pipeline.intensity_matrix: Min signal: 0.000000e+00
2026-09-17 15:23:34,126 [INFO] src.main_pipeline.mzml_processor: Sample: Int 1 IntensityMatrix Created
2026-09-17 15:23:34,129 [INFO] src.main_pipeline.mzml_processor: 
Total Scans: 8196
Avg Time per Scan: 0.005722041239629088
Stdev: 7.790390331171385e-06
Pct Err: 0.14
2026-09-18 10:38:36,748 [INFO] src.main_pipeline.mzml_processor: Sample: Int 1 Identified
2026-09-18 10:38:37,727 [INFO] src.main_pipeline.mzml_processor: Sample: Int 1 Finsihed mzML parse
2026-09-18 10:38:38,455 [INFO] src.main_pipeline.intensity_matrix: Max signal: 8.39e+06
2026-09-18 10:38:38,456 [INFO] src.main_pipeline.intensity_matrix: Min signal: 0.000000e+00
2026-09-18 10:43:32,724 [INFO] src.main_pipeline.mzml_processor: Sample: Int 1 IntensityMatrix Created
2026-09-18 10:43:32,726 [INFO] src.main_pipeline.mzml_processor: 
Total Scans: 8196
Avg Time per Scan: 0.005722041239629088
Stdev: 7.790390331171385e-06
Pct Err: 0.14
2026-09-18 10:53:39,836 [INFO] src.main_pipeline.mzml_processor: Sample: Int 1 Identified
2026-09-18 10:53:40,818 [INFO] src.main_pipeline.mzml_processor: Sample: Int 1 Finsihed mzML parse
2026-09-18 10:53:41,553 [INFO] src.main_pipeline.intensity_matrix: Max signal: 8.39e+06
2026-09-18 10:53:41,554 [INFO] src.main_pipeline.intensity_matrix: Min signal: 0.00e+00
2026-09-18 10:58:44,636 [INFO] src.main_pipeline.mzml_processor: Sample: Int 1 IntensityMatrix Created
2026-09-18 10:58:44,639 [INFO] src.main_pipeline.mzml_processor: 
Total Scans: 8196
Avg Time per Scan: 0.005722041239629088
Stdev: 7.790390331171385e-06
Pct Err: 0.14
2026-09-18 11:00:41,335 [INFO] src.main_pipeline.mzml_processor: Sample: Int 1 Identified
2026-09-18 11:00:42,276 [INFO] src.main_pipeline.mzml_processor: Sample: Int 1 Finsihed mzML parse
2026-09-18 11:00:42,985 [INFO] src.main_pipeline.intensity_matrix: Max signal: 8.39e+06
2026-09-18 11:00:42,987 [INFO] src.main_pipeline.intensity_matrix: Min signal: 0.00e+00
2026-09-18 11:05:34,157 [INFO] src.main_pipeline.mzml_processor: Sample: Int 1 IntensityMatrix Created
2026-09-18 11:05:34,159 [INFO] src.main_pipeline.mzml_processor: 
Total Scans: 8196
Avg Time per Scan: 0.005722041239629088
Stdev: 7.790390331171385e-06
Pct Err: 0.14
2026-09-18 11:07:11,591 [INFO] src.main_pipeline.mzml_processor: Sample: Int 1 Identified
2026-09-18 11:07:12,550 [INFO] src.main_pipeline.mzml_processor: Sample: Int 1 Finsihed mzML parse
2026-09-18 11:07:13,274 [INFO] src.main_pipeline.intensity_matrix: Max signal: 8.39e+06
2026-09-18 11:07:13,275 [INFO] src.main_pipeline.intensity_matrix: Min signal: 0.00e+00
2026-09-18 11:12:02,386 [INFO] src.main_pipeline.mzml_processor: Sample: Int 1 IntensityMatrix Created
2026-09-18 11:12:02,388 [INFO] src.main_pipeline.mzml_processor: 
Total Scans: 8196
Avg Time per Scan: 0.005722041239629088
Stdev: 7.790390331171385e-06
Pct Err: 0.14
2026-09-18 11:20:12,238 [INFO] src.main_pipeline.mzml_processor: Sample: Int 1 Identified
2026-09-18 11:20:13,212 [INFO] src.main_pipeline.mzml_processor: Sample: Int 1 Finsihed mzML parse
2026-09-18 11:20:13,938 [INFO] src.main_pipeline.intensity_matrix: Max signal: 8.39e+06
2026-09-18 11:20:13,940 [INFO] src.main_pipeline.intensity_matrix: Min signal: 0.00e+00
2026-09-18 11:25:05,403 [INFO] src.main_pipeline.mzml_processor: Sample: Int 1 IntensityMatrix Created
2026-09-18 11:25:05,406 [INFO] src.main_pipeline.mzml_processor: 
Total Scans: 8196
Avg Time per Scan: 0.005722041239629088
Stdev: 7.790390331171385e-06
Pct Err: 0.14
2026-09-18 11:34:21,283 [INFO] src.main_pipeline.mzml_processor: Sample: Int 1 Identified
2026-09-18 11:34:22,253 [INFO] src.main_pipeline.mzml_processor: Sample: Int 1 Finsihed mzML parse
2026-09-18 11:34:22,985 [INFO] src.main_pipeline.intensity_matrix: Max signal: 8.39e+06
2026-09-18 11:34:22,986 [INFO] src.main_pipeline.intensity_matrix: Min signal: 0.00e+00
2026-09-18 11:39:20,157 [INFO] src.main_pipeline.mzml_processor: Sample: Int 1 IntensityMatrix Created
2026-09-18 11:39:20,159 [INFO] src.main_pipeline.mzml_processor: 
Total Scans: 8196
Avg Time per Scan: 0.005722041239629088
Stdev: 7.790390331171385e-06
Pct Err: 0.14
2026-09-18 11:42:09,323 [INFO] src.main_pipeline.mzml_processor: Sample: Int 1 Identified
2026-09-18 11:42:10,271 [INFO] src.main_pipeline.mzml_processor: Sample: Int 1 Finsihed mzML parse
2026-09-18 11:42:10,994 [INFO] src.main_pipeline.intensity_matrix: Max signal: 8.39e+06
2026-09-18 11:42:10,995 [INFO] src.main_pipeline.intensity_matrix: Min signal: 0.00e+00
2026-09-18 11:47:20,251 [INFO] src.main_pipeline.mzml_processor: Sample: Int 1 IntensityMatrix Created
2026-09-18 11:47:20,254 [INFO] src.main_pipeline.mzml_processor: 
Total Scans: 8196
Avg Time per Scan: 0.005722041239629088
Stdev: 7.790390331171385e-06
Pct Err: 0.14
2026-09-18 11:51:46,558 [INFO] src.main_pipeline.mzml_processor: Sample: Int 1 Identified
2026-09-18 11:51:47,492 [INFO] src.main_pipeline.mzml_processor: Sample: Int 1 Finsihed mzML parse
2026-09-18 11:51:48,221 [INFO] src.main_pipeline.intensity_matrix: Max signal: 8.39e+06
2026-09-18 11:51:48,223 [INFO] src.main_pipeline.intensity_matrix: Min signal: 0.00e+00
2026-09-18 11:56:54,566 [INFO] src.main_pipeline.mzml_processor: Sample: Int 1 IntensityMatrix Created
2026-09-18 11:56:54,569 [INFO] src.main_pipeline.mzml_processor: 
Total Scans: 8196
Avg Time per Scan: 0.005722041239629088
Stdev: 7.790390331171385e-06
Pct Err: 0.14
2026-09-18 12:20:14,276 [INFO] src.main_pipeline.mzml_processor: Sample: Int 1 Identified
2026-09-18 12:20:15,235 [INFO] src.main_pipeline.mzml_processor: Sample: Int 1 Finsihed mzML parse
2026-09-18 12:20:16,005 [INFO] src.main_pipeline.intensity_matrix: Max signal: 8.39e+06
2026-09-18 12:20:16,007 [INFO] src.main_pipeline.intensity_matrix: Min signal: 0.00e+00
2026-09-18 12:23:58,555 [INFO] src.main_pipeline.mzml_processor: Sample: Int 1 Identified
2026-09-18 12:23:59,499 [INFO] src.main_pipeline.mzml_processor: Sample: Int 1 Finsihed mzML parse
2026-09-18 12:24:00,221 [INFO] src.main_pipeline.intensity_matrix: Max signal: 8.39e+06
2026-09-18 12:24:00,223 [INFO] src.main_pipeline.intensity_matrix: Min signal: 0.00e+00
2026-09-18 12:28:49,589 [INFO] src.main_pipeline.mzml_processor: Sample: Int 1 IntensityMatrix Created
2026-09-18 12:28:49,593 [INFO] src.main_pipeline.mzml_processor: 
Total Scans: 8196
Avg Time per Scan: 0.005722041239629088
Stdev: 7.790390331171385e-06
Pct Err: 0.14
2026-09-18 13:26:06,146 [INFO] src.main_pipeline.mzml_processor: Sample: Int 1 Identified
2026-09-18 13:26:07,134 [INFO] src.main_pipeline.mzml_processor: Sample: Int 1 Finsihed mzML parse
2026-09-18 13:26:07,967 [INFO] src.main_pipeline.intensity_matrix: Max signal: 8.39e+06
2026-09-18 13:26:07,970 [INFO] src.main_pipeline.intensity_matrix: Min signal: 0.00e+00
2026-09-18 13:31:00,105 [INFO] src.main_pipeline.mzml_processor: Sample: Int 1 IntensityMatrix Created
2026-09-18 13:31:00,108 [INFO] src.main_pipeline.mzml_processor: 
Total Scans: 8196
Avg Time per Scan: 0.005722041239629088
Stdev: 7.790390331171385e-06
Pct Err: 0.14
2026-09-18 13:35:09,626 [INFO] src.main_pipeline.mzml_processor: Sample: Int 1 Identified
2026-09-18 13:35:10,580 [INFO] src.main_pipeline.mzml_processor: Sample: Int 1 Finsihed mzML parse
2026-09-18 13:35:11,309 [INFO] src.main_pipeline.intensity_matrix: Max signal: 8.39e+06
2026-09-18 13:35:11,310 [INFO] src.main_pipeline.intensity_matrix: Min signal: 0.00e+00
2026-09-18 13:40:05,168 [INFO] src.main_pipeline.mzml_processor: Sample: Int 1 IntensityMatrix Created
2026-09-18 13:40:05,171 [INFO] src.main_pipeline.mzml_processor: 
Total Scans: 8196
Avg Time per Scan: 0.005722041239629088
Stdev: 7.790390331171385e-06
Pct Err: 0.14
2026-09-18 13:46:24,064 [INFO] src.main_pipeline.mzml_processor: Sample: Int 1 Identified
2026-09-18 13:46:25,041 [INFO] src.main_pipeline.mzml_processor: Sample: Int 1 Finsihed mzML parse
2026-09-18 13:46:25,775 [INFO] src.main_pipeline.intensity_matrix: Max signal: 8.39e+06
2026-09-18 13:46:25,777 [INFO] src.main_pipeline.intensity_matrix: Min signal: 0.00e+00
2026-09-18 13:51:22,385 [INFO] src.main_pipeline.mzml_processor: Sample: Int 1 IntensityMatrix Created
2026-09-18 13:51:22,387 [INFO] src.main_pipeline.mzml_processor: 
Total Scans: 8196
Avg Time per Scan: 0.005722041239629088
Stdev: 7.790390331171385e-06
Pct Err: 0.14
2026-09-22 14:41:14,032 [INFO] src.main_pipeline.mzml_processor: Sample: Int 1 Identified
2026-09-22 14:41:14,978 [INFO] src.main_pipeline.mzml_processor: Sample: Int 1 Finsihed mzML parse
2026-09-22 14:41:15,696 [INFO] src.main_pipeline.intensity_matrix: Max signal: 8.39e+06
2026-09-22 14:41:15,698 [INFO] src.main_pipeline.intensity_matrix: Min signal: 0.00e+00
2026-09-22 14:47:13,525 [INFO] src.main_pipeline.mzml_processor: Sample: Int 1 Identified
2026-09-22 14:47:14,677 [INFO] src.main_pipeline.mzml_processor: Sample: Int 1 Finsihed mzML parse
2026-09-22 14:47:15,458 [INFO] src.main_pipeline.intensity_matrix: Max signal: 8.39e+06
2026-09-22 14:47:15,460 [INFO] src.main_pipeline.intensity_matrix: Min signal: 0.00e+00
2026-09-22 14:52:07,761 [INFO] src.main_pipeline.mzml_processor: Sample: Int 1 IntensityMatrix Created
2026-09-22 14:52:07,763 [INFO] src.main_pipeline.mzml_processor: 
Total Scans: 8196
Avg Time per Scan: 0.005722041239629088
Stdev: 7.790390331171385e-06
Pct Err: 0.14
2026-09-22 14:54:50,295 [INFO] src.main_pipeline.mzml_processor: Sample: Int 1 Identified
2026-09-22 14:54:51,264 [INFO] src.main_pipeline.mzml_processor: Sample: Int 1 Finsihed mzML parse
2026-09-22 14:54:51,963 [INFO] src.main_pipeline.intensity_matrix: Max signal: 8.39e+06
2026-09-22 14:54:51,964 [INFO] src.main_pipeline.intensity_matrix: Min signal: 0.00e+00
2026-09-22 15:00:04,098 [INFO] src.main_pipeline.mzml_processor: Sample: Int 1 IntensityMatrix Created
2026-09-22 15:00:04,100 [INFO] src.main_pipeline.mzml_processor: 
Total Scans: 8196
Avg Time per Scan: 0.005722041239629088
Stdev: 7.790390331171385e-06
Pct Err: 0.14
2026-09-22 15:20:39,000 [INFO] src.main_pipeline.mzml_processor: Sample: Int 1 Identified
2026-09-22 15:20:39,945 [INFO] src.main_pipeline.mzml_processor: Sample: Int 1 Finsihed mzML parse
2026-09-22 15:20:40,659 [INFO] src.main_pipeline.intensity_matrix: Max signal: 8.39e+06
2026-09-22 15:20:40,660 [INFO] src.main_pipeline.intensity_matrix: Min signal: 0.00e+00
2026-09-22 15:25:31,216 [INFO] src.main_pipeline.mzml_processor: Sample: Int 1 IntensityMatrix Created
2026-09-22 15:25:31,218 [INFO] src.main_pipeline.mzml_processor: 
Total Scans: 8196
Avg Time per Scan: 0.005722041239629088
Stdev: 7.790390331171385e-06
Pct Err: 0.14
2026-09-23 14:28:18,384 [INFO] src.main_pipeline.mzml_processor: Sample: Int 1 Identified
2026-09-23 14:28:19,604 [INFO] src.main_pipeline.mzml_processor: Sample: Int 1 Finsihed mzML parse
2026-09-23 14:28:20,700 [INFO] src.main_pipeline.intensity_matrix: Max signal: 8.39e+06
2026-09-23 14:28:20,704 [INFO] src.main_pipeline.intensity_matrix: Min signal: 0.00e+00
2026-09-23 14:44:09,850 [INFO] src.main_pipeline.mzml_processor: Sample: Int 1 Identified
2026-09-23 14:44:11,953 [INFO] src.main_pipeline.mzml_processor: Sample: Int 1 Finsihed mzML parse
2026-09-23 14:44:13,264 [INFO] src.main_pipeline.intensity_matrix: Max signal: 8.39e+06
2026-09-23 14:44:13,267 [INFO] src.main_pipeline.intensity_matrix: Min signal: 0.00e+00
2026-09-23 15:00:56,806 [INFO] src.main_pipeline.mzml_processor: Sample: Int 1 IntensityMatrix Created
2026-09-23 15:00:56,810 [INFO] src.main_pipeline.mzml_processor: 
Total Scans: 8196
Avg Time per Scan: 0.005722041239629088
Stdev: 7.790390331171385e-06
Pct Err: 0.14
2026-09-23 16:08:00,255 [INFO] src.main_pipeline.mzml_processor: Sample: Int 1 Identified
2026-09-23 16:08:01,223 [INFO] src.main_pipeline.mzml_processor: Sample: Int 1 Finsihed mzML parse
2026-09-23 16:08:01,928 [INFO] src.main_pipeline.intensity_matrix: Max signal: 8.39e+06
2026-09-23 16:08:01,930 [INFO] src.main_pipeline.intensity_matrix: Min signal: 0.00e+00
2026-09-23 16:14:09,013 [INFO] src.main_pipeline.mzml_processor: Sample: Int 1 IntensityMatrix Created
2026-09-23 16:14:09,016 [INFO] src.main_pipeline.mzml_processor: 
Total Scans: 8196
Avg Time per Scan: 0.005722041239629088
Stdev: 7.790390331171385e-06
Pct Err: 0.14
2026-09-23 16:25:55,093 [INFO] src.main_pipeline.mzml_processor: Sample: Int 1 Identified
2026-09-23 16:25:56,202 [INFO] src.main_pipeline.mzml_processor: Sample: Int 1 Finsihed mzML parse
2026-09-23 16:25:56,988 [INFO] src.main_pipeline.intensity_matrix: Max signal: 8.39e+06
2026-09-23 16:25:56,990 [INFO] src.main_pipeline.intensity_matrix: Min signal: 0.00e+00
2026-09-23 16:26:41,944 [INFO] src.main_pipeline.mzml_processor: Sample: Int 1 Identified
2026-09-23 16:26:42,904 [INFO] src.main_pipeline.mzml_processor: Sample: Int 1 Finsihed mzML parse
2026-09-23 16:26:43,611 [INFO] src.main_pipeline.intensity_matrix: Max signal: 8.39e+06
2026-09-23 16:26:43,613 [INFO] src.main_pipeline.intensity_matrix: Min signal: 0.00e+00
2026-09-23 16:32:51,066 [INFO] src.main_pipeline.mzml_processor: Sample: Int 1 IntensityMatrix Created
2026-09-23 16:32:51,069 [INFO] src.main_pipeline.mzml_processor: 
Total Scans: 8196
Avg Time per Scan: 0.005722041239629088
Stdev: 7.790390331171385e-06
Pct Err: 0.14
