2026-08-26 14:39:51,060 [INFO] __main__: 
---------- Began HDBSCAN_perion_summary ----------
n_samples=250000
distance_metrics=['euclidean', 'manhattan']
matrix_norm=['modz', 'compressed']
per_row=True
include_cwt_data=True
knn_info=False
threshold=True
out_path=C:\Jack\code\GCMS_Automation\peak_metrics_data
param_grid={'min_cluster_size': [500, 1000, 2000, 3000, 4000], 'min_samples': [20, 50, 100, 150, 200], 'eps': [0, 0.5, 1]}

2026-08-26 14:39:51,123 [INFO] __main__: Data Loaded
2026-08-26 14:42:51,212 [INFO] __main__: 
---------- Began HDBSCAN_perion_summary ----------
n_samples=250000
distance_metrics=['euclidean', 'manhattan']
matrix_norm=['modz', 'compressed']
per_row=True
include_cwt_data=False
knn_info=False
threshold=False
out_path=C:\Jack\code\GCMS_Automation\peak_metrics_data
param_grid={'min_cluster_size': [500, 1000, 2000, 3000, 4000], 'min_samples': [20, 50, 100, 150, 200], 'eps': [0, 0.5, 1]}

2026-08-26 14:42:51,279 [INFO] __main__: Data Loaded
2026-08-26 14:43:47,041 [INFO] __main__: 
---------- Began HDBSCAN_perion_summary ----------
n_samples=250000
distance_metrics=['euclidean', 'manhattan']
matrix_norm=['modz', 'compressed']
per_row=True
include_cwt_data=False
knn_info=False
threshold=False
out_path=C:\Jack\code\GCMS_Automation\peak_metrics_data
param_grid={'min_cluster_size': [500, 1000, 2000, 3000, 4000], 'min_samples': [20, 50, 100, 150, 200], 'eps': [0, 0.5, 1]}

2026-08-26 14:43:47,073 [INFO] __main__: Data Loaded
2026-08-26 15:01:25,653 [INFO] __main__: HDBSCAN complete for all seeds norm_type=modz;distance_metric=euclidean
2026-08-26 15:24:49,761 [INFO] __main__: HDBSCAN complete for all seeds norm_type=modz;distance_metric=manhattan
2026-08-26 16:02:08,053 [INFO] __main__: 
---------- Began HDBSCAN_perion_summary ----------
n_samples=250000
distance_metrics=['euclidean', 'manhattan']
matrix_norm=['modz', 'compressed']
per_row=True
include_cwt_data=False
knn_info=False
threshold=False
out_path=C:\Jack\code\GCMS_Automation\peak_metrics_data
param_grid={'min_cluster_size': [500, 1000, 2000, 3000, 4000], 'min_samples': [20, 50, 100, 150, 200], 'eps': [0, 0.5, 1]}

2026-08-26 16:02:08,083 [INFO] __main__: Data Loaded
2026-08-26 16:02:08,163 [INFO] __main__: Data Loaded
2026-08-26 16:02:08,164 [INFO] __main__: 
---------- Began HDBSCAN_perion_summary ----------
n_samples=250000
distance_metrics=['euclidean', 'manhattan']
matrix_norm=['modz', 'compressed']
per_row=True
include_cwt_data=False
knn_info=False
threshold=True
out_path=C:\Jack\code\GCMS_Automation\peak_metrics_data
param_grid={'min_cluster_size': [500, 1000, 2000, 3000, 4000], 'min_samples': [20, 50, 100, 150, 200], 'eps': [0, 0.5, 1]}

2026-08-26 16:02:08,248 [INFO] __main__: Data Loaded
2026-08-26 16:02:08,325 [INFO] __main__: Data Loaded
2026-08-26 16:02:08,327 [INFO] __main__: 
---------- Began HDBSCAN_perion_summary ----------
n_samples=250000
distance_metrics=['euclidean', 'manhattan']
matrix_norm=['modz', 'compressed']
per_row=True
include_cwt_data=True
knn_info=False
threshold=False
out_path=C:\Jack\code\GCMS_Automation\peak_metrics_data
param_grid={'min_cluster_size': [500, 1000, 2000, 3000, 4000], 'min_samples': [20, 50, 100, 150, 200], 'eps': [0, 0.5, 1]}

2026-08-26 16:02:08,445 [INFO] __main__: Data Loaded
2026-08-26 16:02:08,567 [INFO] __main__: Data Loaded
2026-08-26 16:02:08,569 [INFO] __main__: 
---------- Began HDBSCAN_perion_summary ----------
n_samples=250000
distance_metrics=['euclidean', 'manhattan']
matrix_norm=['modz', 'compressed']
per_row=True
include_cwt_data=True
knn_info=False
threshold=True
out_path=C:\Jack\code\GCMS_Automation\peak_metrics_data
param_grid={'min_cluster_size': [500, 1000, 2000, 3000, 4000], 'min_samples': [20, 50, 100, 150, 200], 'eps': [0, 0.5, 1]}

2026-08-26 16:02:08,641 [INFO] __main__: Data Loaded
2026-08-26 16:02:08,723 [INFO] __main__: Data Loaded
2026-08-26 16:02:14,762 [INFO] __main__: 
---------- Began HDBSCAN_perion_summary ----------
n_samples=250000
distance_metrics=['euclidean', 'manhattan']
matrix_norm=['modz', 'compressed']
per_row=True
include_cwt_data=False
knn_info=False
threshold=False
out_path=C:\Jack\code\GCMS_Automation\peak_metrics_data
param_grid={'min_cluster_size': [500, 1000, 2000, 3000, 4000], 'min_samples': [20, 50, 100, 150, 200], 'eps': [0, 0.5, 1]}

2026-08-26 16:02:14,794 [INFO] __main__: Data Loaded
2026-08-26 16:02:14,827 [INFO] __main__: Data Loaded
2026-08-26 16:02:14,828 [INFO] __main__: 
---------- Began HDBSCAN_perion_summary ----------
n_samples=250000
distance_metrics=['euclidean', 'manhattan']
matrix_norm=['modz', 'compressed']
per_row=True
include_cwt_data=False
knn_info=False
threshold=True
out_path=C:\Jack\code\GCMS_Automation\peak_metrics_data
param_grid={'min_cluster_size': [500, 1000, 2000, 3000, 4000], 'min_samples': [20, 50, 100, 150, 200], 'eps': [0, 0.5, 1]}

2026-08-26 16:02:14,863 [INFO] __main__: Data Loaded
2026-08-26 16:02:14,908 [INFO] __main__: Data Loaded
2026-08-26 16:02:14,909 [INFO] __main__: 
---------- Began HDBSCAN_perion_summary ----------
n_samples=250000
distance_metrics=['euclidean', 'manhattan']
matrix_norm=['modz', 'compressed']
per_row=True
include_cwt_data=True
knn_info=False
threshold=False
out_path=C:\Jack\code\GCMS_Automation\peak_metrics_data
param_grid={'min_cluster_size': [500, 1000, 2000, 3000, 4000], 'min_samples': [20, 50, 100, 150, 200], 'eps': [0, 0.5, 1]}

2026-08-26 16:02:14,990 [INFO] __main__: Data Loaded
2026-08-26 16:02:15,051 [INFO] __main__: Data Loaded
2026-08-26 16:02:15,051 [INFO] __main__: 
---------- Began HDBSCAN_perion_summary ----------
n_samples=250000
distance_metrics=['euclidean', 'manhattan']
matrix_norm=['modz', 'compressed']
per_row=True
include_cwt_data=True
knn_info=False
threshold=True
out_path=C:\Jack\code\GCMS_Automation\peak_metrics_data
param_grid={'min_cluster_size': [500, 1000, 2000, 3000, 4000], 'min_samples': [20, 50, 100, 150, 200], 'eps': [0, 0.5, 1]}

2026-08-26 16:02:15,123 [INFO] __main__: Data Loaded
2026-08-26 16:02:15,197 [INFO] __main__: Data Loaded
2026-08-26 16:02:30,452 [INFO] __main__: 
---------- Began HDBSCAN_perion_summary ----------
n_samples=250000
distance_metrics=['euclidean', 'manhattan']
matrix_norm=['modz', 'compressed']
per_row=True
include_cwt_data=False
knn_info=False
threshold=False
out_path=C:\Jack\code\GCMS_Automation\peak_metrics_data
param_grid={'min_cluster_size': [500, 1000, 2000, 3000, 4000], 'min_samples': [20, 50, 100, 150, 200], 'eps': [0, 0.5, 1]}

2026-08-26 16:02:30,482 [INFO] __main__: Data Loaded
2026-08-26 16:02:30,516 [INFO] __main__: Data Loaded
2026-08-26 16:02:30,517 [INFO] __main__: 
---------- Began HDBSCAN_perion_summary ----------
n_samples=250000
distance_metrics=['euclidean', 'manhattan']
matrix_norm=['modz', 'compressed']
per_row=True
include_cwt_data=False
knn_info=False
threshold=True
out_path=C:\Jack\code\GCMS_Automation\peak_metrics_data
param_grid={'min_cluster_size': [500, 1000, 2000, 3000, 4000], 'min_samples': [20, 50, 100, 150, 200], 'eps': [0, 0.5, 1]}

2026-08-26 16:02:30,550 [INFO] __main__: Data Loaded
2026-08-26 16:02:30,584 [INFO] __main__: Data Loaded
2026-08-26 16:02:30,585 [INFO] __main__: 
---------- Began HDBSCAN_perion_summary ----------
n_samples=250000
distance_metrics=['euclidean', 'manhattan']
matrix_norm=['modz', 'compressed']
per_row=True
include_cwt_data=True
knn_info=False
threshold=False
out_path=C:\Jack\code\GCMS_Automation\peak_metrics_data
param_grid={'min_cluster_size': [500, 1000, 2000, 3000, 4000], 'min_samples': [20, 50, 100, 150, 200], 'eps': [0, 0.5, 1]}

2026-08-26 16:02:30,640 [INFO] __main__: Data Loaded
2026-08-26 16:02:30,700 [INFO] __main__: Data Loaded
2026-08-26 16:02:30,700 [INFO] __main__: 
---------- Began HDBSCAN_perion_summary ----------
n_samples=250000
distance_metrics=['euclidean', 'manhattan']
matrix_norm=['modz', 'compressed']
per_row=True
include_cwt_data=True
knn_info=False
threshold=True
out_path=C:\Jack\code\GCMS_Automation\peak_metrics_data
param_grid={'min_cluster_size': [500, 1000, 2000, 3000, 4000], 'min_samples': [20, 50, 100, 150, 200], 'eps': [0, 0.5, 1]}

2026-08-26 16:02:30,761 [INFO] __main__: Data Loaded
2026-08-26 16:02:30,828 [INFO] __main__: Data Loaded
2026-08-26 16:07:50,590 [INFO] __main__: 
---------- Began HDBSCAN_perion_summary ----------
n_samples=250000
distance_metrics=['euclidean', 'manhattan']
matrix_norm=['modz', 'compressed']
per_row=True
include_cwt_data=False
knn_info=False
threshold=False
out_path=C:\Jack\code\GCMS_Automation\peak_metrics_data
param_grid={'min_cluster_size': [500, 1000, 2000, 3000, 4000], 'min_samples': [20, 50, 100, 150, 200], 'eps': [0, 0.5, 1]}

2026-08-26 16:07:50,621 [INFO] __main__: Data Loaded
2026-08-26 16:07:50,623 [INFO] __main__: Skipping modz_euclidean: all 501 shards already present
2026-08-26 16:07:50,625 [INFO] __main__: Skipping modz_manhattan: all 501 shards already present
2026-08-26 16:07:50,660 [INFO] __main__: Data Loaded
2026-08-26 16:09:40,893 [INFO] __main__: 
---------- Began HDBSCAN_perion_summary ----------
n_samples=250000
distance_metrics=['euclidean', 'manhattan']
matrix_norm=['modz', 'compressed']
per_row=True
include_cwt_data=False
knn_info=False
threshold=False
out_path=C:\Jack\code\GCMS_Automation\peak_metrics_data
param_grid={'min_cluster_size': [500, 1000, 2000, 3000, 4000], 'min_samples': [20, 50, 100, 150, 200], 'eps': [0, 0.5, 1]}

2026-08-26 16:09:40,923 [INFO] __main__: Data Loaded
2026-08-26 16:09:40,926 [INFO] __main__: Skipping modz_euclidean: all 501 shards already present
2026-08-26 16:09:40,928 [INFO] __main__: Skipping modz_manhattan: all 501 shards already present
2026-08-26 16:09:40,961 [INFO] __main__: Data Loaded
2026-08-26 16:25:54,937 [INFO] __main__: HDBSCAN complete for all seeds norm_type=compressed;distance_metric=euclidean
2026-08-27 09:46:42,942 [INFO] __main__: HDBSCAN complete for all seeds norm_type=compressed;distance_metric=manhattan
2026-08-27 09:46:42,942 [INFO] __main__: 
---------- Began HDBSCAN_perion_summary ----------
n_samples=250000
distance_metrics=['euclidean', 'manhattan']
matrix_norm=['modz', 'compressed']
per_row=True
include_cwt_data=False
knn_info=False
threshold=True
out_path=C:\Jack\code\GCMS_Automation\peak_metrics_data
param_grid={'min_cluster_size': [500, 1000, 2000, 3000, 4000], 'min_samples': [20, 50, 100, 150, 200], 'eps': [0, 0.5, 1]}

2026-08-27 09:46:42,997 [INFO] __main__: Data Loaded
2026-08-27 10:13:13,432 [INFO] __main__: HDBSCAN complete for all seeds norm_type=modz;distance_metric=euclidean
2026-08-27 10:43:00,691 [INFO] __main__: HDBSCAN complete for all seeds norm_type=modz;distance_metric=manhattan
2026-08-27 10:43:00,744 [INFO] __main__: Data Loaded
2026-08-27 11:12:53,775 [INFO] __main__: HDBSCAN complete for all seeds norm_type=compressed;distance_metric=euclidean
2026-08-27 11:41:37,643 [INFO] __main__: HDBSCAN complete for all seeds norm_type=compressed;distance_metric=manhattan
2026-08-27 11:41:37,644 [INFO] __main__: 
---------- Began HDBSCAN_perion_summary ----------
n_samples=250000
distance_metrics=['euclidean', 'manhattan']
matrix_norm=['modz', 'compressed']
per_row=True
include_cwt_data=True
knn_info=False
threshold=False
out_path=C:\Jack\code\GCMS_Automation\peak_metrics_data
param_grid={'min_cluster_size': [500, 1000, 2000, 3000, 4000], 'min_samples': [20, 50, 100, 150, 200], 'eps': [0, 0.5, 1]}

2026-08-27 11:41:37,796 [INFO] __main__: Data Loaded
2026-08-27 12:30:13,903 [INFO] __main__: HDBSCAN complete for all seeds norm_type=modz;distance_metric=euclidean
2026-08-27 13:14:00,930 [INFO] __main__: HDBSCAN complete for all seeds norm_type=modz;distance_metric=manhattan
2026-08-27 13:14:01,064 [INFO] __main__: Data Loaded
2026-08-27 13:50:55,017 [INFO] __main__: HDBSCAN complete for all seeds norm_type=compressed;distance_metric=euclidean
2026-08-27 14:36:00,679 [INFO] __main__: HDBSCAN complete for all seeds norm_type=compressed;distance_metric=manhattan
2026-08-27 14:36:00,679 [INFO] __main__: 
---------- Began HDBSCAN_perion_summary ----------
n_samples=250000
distance_metrics=['euclidean', 'manhattan']
matrix_norm=['modz', 'compressed']
per_row=True
include_cwt_data=True
knn_info=False
threshold=True
out_path=C:\Jack\code\GCMS_Automation\peak_metrics_data
param_grid={'min_cluster_size': [500, 1000, 2000, 3000, 4000], 'min_samples': [20, 50, 100, 150, 200], 'eps': [0, 0.5, 1]}

2026-08-27 14:36:00,811 [INFO] __main__: Data Loaded
2026-08-27 15:12:09,227 [INFO] __main__: HDBSCAN complete for all seeds norm_type=modz;distance_metric=euclidean
2026-08-27 15:55:18,891 [INFO] __main__: HDBSCAN complete for all seeds norm_type=modz;distance_metric=manhattan
2026-08-27 15:55:19,050 [INFO] __main__: Data Loaded
2026-08-27 16:32:14,574 [INFO] __main__: HDBSCAN complete for all seeds norm_type=compressed;distance_metric=euclidean
2026-08-27 21:18:13,097 [INFO] __main__: HDBSCAN complete for all seeds norm_type=compressed;distance_metric=manhattan
